Copyright 1986-2022 Xilinx, Inc. All Rights Reserved. Copyright 2022-2026 Advanced Micro Devices, Inc. All Rights Reserved.
---------------------------------------------------------------------------------------------------------------------------------------------------------------------------------------------------------------------------------------------------------------------------------------------
| Tool Version : Vivado v.2026.1 (win64) Build 6511674 Tue Jun 16 11:02:23 MDT 2026
| Date         : Tue Aug 11 19:04:19 2026
| Host         : DESKTOP-ACFAPR1 running 64-bit major release  (build 9200)
| Command      : report_timing_summary -max_paths 10 -routable_nets -report_unconstrained -file car_key_fob_advancedversion_timing_summary_routed.rpt -pb car_key_fob_advancedversion_timing_summary_routed.pb -rpx car_key_fob_advancedversion_timing_summary_routed.rpx -warn_on_violation
| Design       : car_key_fob_advancedversion
| Device       : 7a50ti-csg324
| Speed File   : -1L  PRODUCTION 1.23 2018-06-13
| Design State : Routed
---------------------------------------------------------------------------------------------------------------------------------------------------------------------------------------------------------------------------------------------------------------------------------------------

Timing Summary Report

------------------------------------------------------------------------------------------------
| Timer Settings
| --------------
------------------------------------------------------------------------------------------------

  Enable Multi Corner Analysis               :  Yes
  Enable Pessimism Removal                   :  Yes
  Pessimism Removal Resolution               :  Nearest Common Node
  Enable Input Delay Default Clock           :  No
  Enable Preset / Clear Arcs                 :  No
  Disable Flight Delays                      :  No
  Ignore I/O Paths                           :  No
  Timing Early Launch at Borrowing Latches   :  No
  Borrow Time for Max Delay Exceptions       :  Yes
  Merge Timing Exceptions                    :  Yes
  Inter-SLR Compensation                     :  Conservative

  Corner  Analyze    Analyze    
  Name    Max Paths  Min Paths  
  ------  ---------  ---------  
  Slow    Yes        Yes        
  Fast    Yes        Yes        


------------------------------------------------------------------------------------------------
| Report Methodology
| ------------------
------------------------------------------------------------------------------------------------

Rule       Severity          Description                  Violations  
---------  ----------------  ---------------------------  ----------  
TIMING-17  Critical Warning  Non-clocked sequential cell  9           

Note: This report is based on the most recent report_methodology run and may not be up-to-date. Run report_methodology on the current design for the latest report.



check_timing report

Table of Contents
-----------------
1. checking no_clock (9)
2. checking constant_clock (0)
3. checking pulse_width_clock (0)
4. checking unconstrained_internal_endpoints (18)
5. checking no_input_delay (20)
6. checking no_output_delay (4)
7. checking multiple_clock (0)
8. checking generated_clocks (0)
9. checking loops (0)
10. checking partial_input_delay (0)
11. checking partial_output_delay (0)
12. checking latch_loops (0)

1. checking no_clock (9)
------------------------
 There are 9 register/latch pins with no clock driven by root clock pin: clk (HIGH)


2. checking constant_clock (0)
------------------------------
 There are 0 register/latch pins with constant_clock.


3. checking pulse_width_clock (0)
---------------------------------
 There are 0 register/latch pins which need pulse_width check


4. checking unconstrained_internal_endpoints (18)
-------------------------------------------------
 There are 18 pins that are not constrained for maximum delay. (HIGH)

 There are 0 pins that are not constrained for maximum delay due to constant clock.


5. checking no_input_delay (20)
-------------------------------
 There are 20 input ports with no input delay specified. (HIGH)

 There are 0 input ports with no input delay but user has a false path constraint.


6. checking no_output_delay (4)
-------------------------------
 There are 4 ports with no output delay specified. (HIGH)

 There are 0 ports with no output delay but user has a false path constraint

 There are 0 ports with no output delay but with a timing clock defined on it or propagating through it


7. checking multiple_clock (0)
------------------------------
 There are 0 register/latch pins with multiple clocks.


8. checking generated_clocks (0)
--------------------------------
 There are 0 generated clocks that are not connected to a clock source.


9. checking loops (0)
---------------------
 There are 0 combinational loops in the design.


10. checking partial_input_delay (0)
------------------------------------
 There are 0 input ports with partial input delay specified.


11. checking partial_output_delay (0)
-------------------------------------
 There are 0 ports with partial output delay specified.


12. checking latch_loops (0)
----------------------------
 There are 0 combinational latch loops in the design through latch input



------------------------------------------------------------------------------------------------
| Design Timing Summary
| ---------------------
------------------------------------------------------------------------------------------------

    WNS(ns)      TNS(ns)  TNS Failing Endpoints  TNS Total Endpoints      WHS(ns)      THS(ns)  THS Failing Endpoints  THS Total Endpoints     WPWS(ns)     TPWS(ns)  TPWS Failing Endpoints  TPWS Total Endpoints  
    -------      -------  ---------------------  -------------------      -------      -------  ---------------------  -------------------     --------     --------  ----------------------  --------------------  
        inf        0.000                      0                   22          inf        0.000                      0                   22           NA           NA                      NA                    NA  


There are no user specified timing constraints.


------------------------------------------------------------------------------------------------
| Clock Summary
| -------------
------------------------------------------------------------------------------------------------


------------------------------------------------------------------------------------------------
| Intra Clock Table
| -----------------
------------------------------------------------------------------------------------------------

Clock             WNS(ns)      TNS(ns)  TNS Failing Endpoints  TNS Total Endpoints      WHS(ns)      THS(ns)  THS Failing Endpoints  THS Total Endpoints     WPWS(ns)     TPWS(ns)  TPWS Failing Endpoints  TPWS Total Endpoints  
-----             -------      -------  ---------------------  -------------------      -------      -------  ---------------------  -------------------     --------     --------  ----------------------  --------------------  


------------------------------------------------------------------------------------------------
| Inter Clock Table
| -----------------
------------------------------------------------------------------------------------------------

From Clock    To Clock          WNS(ns)      TNS(ns)  TNS Failing Endpoints  TNS Total Endpoints      WHS(ns)      THS(ns)  THS Failing Endpoints  THS Total Endpoints  
----------    --------          -------      -------  ---------------------  -------------------      -------      -------  ---------------------  -------------------  


------------------------------------------------------------------------------------------------
| Other Path Groups Table
| -----------------------
------------------------------------------------------------------------------------------------

Path Group    From Clock    To Clock          WNS(ns)      TNS(ns)  TNS Failing Endpoints  TNS Total Endpoints      WHS(ns)      THS(ns)  THS Failing Endpoints  THS Total Endpoints  
----------    ----------    --------          -------      -------  ---------------------  -------------------      -------      -------  ---------------------  -------------------  


------------------------------------------------------------------------------------------------
| User Ignored Path Table
| -----------------------
------------------------------------------------------------------------------------------------

Path Group    From Clock    To Clock    
----------    ----------    --------    


------------------------------------------------------------------------------------------------
| Unconstrained Path Table
| ------------------------
------------------------------------------------------------------------------------------------

Path Group    From Clock    To Clock    
----------    ----------    --------    
(none)                                    


------------------------------------------------------------------------------------------------
| Timing Details
| --------------
------------------------------------------------------------------------------------------------


--------------------------------------------------------------------------------------
Path Group:  (none)
From Clock:  
  To Clock:  

Max Delay            22 Endpoints
Min Delay            22 Endpoints
--------------------------------------------------------------------------------------


Max Delay Paths
--------------------------------------------------------------------------------------
Slack:                    inf
  Source:                 unlock_doors_reg/C
                            (rising edge-triggered cell FDCE)
  Destination:            unlock_doors
                            (output port)
  Path Group:             (none)
  Path Type:              Max at Slow Process Corner
  Data Path Delay:        5.316ns  (logic 3.220ns (60.565%)  route 2.096ns (39.435%))
  Logic Levels:           2  (FDCE=1 OBUF=1)

    Location             Delay type                Incr(ns)  Path(ns)    Netlist Resource(s)
  -------------------------------------------------------------------    -------------------
    SLICE_X0Y14          FDCE                         0.000     0.000 r  unlock_doors_reg/C
    SLICE_X0Y14          FDCE (Prop_fdce_C_Q)         0.419     0.419 r  unlock_doors_reg/Q
                         net (fo=1, routed)           2.096     2.515    unlock_doors_OBUF
    U13                  OBUF (Prop_obuf_I_O)         2.801     5.316 r  unlock_doors_OBUF_inst/O
                         net (fo=0)                   0.000     5.316    unlock_doors
    U13                                                               r  unlock_doors
  -------------------------------------------------------------------    -------------------

Slack:                    inf
  Source:                 alarm_active_reg/C
                            (rising edge-triggered cell FDCE)
  Destination:            alarm_active
                            (output port)
  Path Group:             (none)
  Path Type:              Max at Slow Process Corner
  Data Path Delay:        5.194ns  (logic 3.085ns (59.386%)  route 2.110ns (40.614%))
  Logic Levels:           2  (FDCE=1 OBUF=1)

    Location             Delay type                Incr(ns)  Path(ns)    Netlist Resource(s)
  -------------------------------------------------------------------    -------------------
    SLICE_X0Y14          FDCE                         0.000     0.000 r  alarm_active_reg/C
    SLICE_X0Y14          FDCE (Prop_fdce_C_Q)         0.456     0.456 r  alarm_active_reg/Q
                         net (fo=6, routed)           2.110     2.566    alarm_active_OBUF
    R10                  OBUF (Prop_obuf_I_O)         2.629     5.194 r  alarm_active_OBUF_inst/O
                         net (fo=0)                   0.000     5.194    alarm_active
    R10                                                               r  alarm_active
  -------------------------------------------------------------------    -------------------

Slack:                    inf
  Source:                 open_trunk_reg/C
                            (rising edge-triggered cell FDCE)
  Destination:            open_trunk
                            (output port)
  Path Group:             (none)
  Path Type:              Max at Slow Process Corner
  Data Path Delay:        5.178ns  (logic 3.095ns (59.769%)  route 2.083ns (40.231%))
  Logic Levels:           2  (FDCE=1 OBUF=1)

    Location             Delay type                Incr(ns)  Path(ns)    Netlist Resource(s)
  -------------------------------------------------------------------    -------------------
    SLICE_X0Y14          FDCE                         0.000     0.000 r  open_trunk_reg/C
    SLICE_X0Y14          FDCE (Prop_fdce_C_Q)         0.456     0.456 r  open_trunk_reg/Q
                         net (fo=1, routed)           2.083     2.539    open_trunk_OBUF
    T9                   OBUF (Prop_obuf_I_O)         2.639     5.178 r  open_trunk_OBUF_inst/O
                         net (fo=0)                   0.000     5.178    open_trunk
    T9                                                                r  open_trunk
  -------------------------------------------------------------------    -------------------

Slack:                    inf
  Source:                 lock_doors_reg/C
                            (rising edge-triggered cell FDCE)
  Destination:            lock_doors
                            (output port)
  Path Group:             (none)
  Path Type:              Max at Slow Process Corner
  Data Path Delay:        5.170ns  (logic 3.088ns (59.739%)  route 2.081ns (40.261%))
  Logic Levels:           2  (FDCE=1 OBUF=1)

    Location             Delay type                Incr(ns)  Path(ns)    Netlist Resource(s)
  -------------------------------------------------------------------    -------------------
    SLICE_X0Y14          FDCE                         0.000     0.000 r  lock_doors_reg/C
    SLICE_X0Y14          FDCE (Prop_fdce_C_Q)         0.456     0.456 r  lock_doors_reg/Q
                         net (fo=1, routed)           2.081     2.537    lock_doors_OBUF
    T10                  OBUF (Prop_obuf_I_O)         2.632     5.170 r  lock_doors_OBUF_inst/O
                         net (fo=0)                   0.000     5.170    lock_doors
    T10                                                               r  lock_doors
  -------------------------------------------------------------------    -------------------

Slack:                    inf
  Source:                 rx_key_code[0]
                            (input port)
  Destination:            unlock_doors_reg/D
  Path Group:             (none)
  Path Type:              Max at Slow Process Corner
  Data Path Delay:        4.361ns  (logic 1.367ns (31.343%)  route 2.994ns (68.657%))
  Logic Levels:           4  (IBUF=1 LUT4=3)

    Location             Delay type                Incr(ns)  Path(ns)    Netlist Resource(s)
  -------------------------------------------------------------------    -------------------
    T13                                               0.000     0.000 r  rx_key_code[0]
                         net (fo=0)                   0.000     0.000    rx_key_code[0]
    T13                  IBUF (Prop_ibuf_I_O)         0.966     0.966 r  rx_key_code_IBUF[0]_inst/O
                         net (fo=1, routed)           1.219     2.185    rx_key_code_IBUF[0]
    SLICE_X0Y6           LUT4 (Prop_lut4_I0_O)        0.124     2.309 f  failed_attempts[1]_i_5/O
                         net (fo=1, routed)           0.914     3.223    failed_attempts[1]_i_5_n_0
    SLICE_X0Y13          LUT4 (Prop_lut4_I1_O)        0.124     3.347 f  failed_attempts[1]_i_2/O
                         net (fo=6, routed)           0.861     4.208    failed_attempts[1]_i_2_n_0
    SLICE_X0Y14          LUT4 (Prop_lut4_I3_O)        0.153     4.361 r  unlock_doors_i_1/O
                         net (fo=1, routed)           0.000     4.361    unlock_doors6_out
    SLICE_X0Y14          FDCE                                         r  unlock_doors_reg/D
  -------------------------------------------------------------------    -------------------

Slack:                    inf
  Source:                 rx_key_code[0]
                            (input port)
  Destination:            lock_doors_reg/D
  Path Group:             (none)
  Path Type:              Max at Slow Process Corner
  Data Path Delay:        4.332ns  (logic 1.338ns (30.883%)  route 2.994ns (69.117%))
  Logic Levels:           4  (IBUF=1 LUT4=3)

    Location             Delay type                Incr(ns)  Path(ns)    Netlist Resource(s)
  -------------------------------------------------------------------    -------------------
    T13                                               0.000     0.000 r  rx_key_code[0]
                         net (fo=0)                   0.000     0.000    rx_key_code[0]
    T13                  IBUF (Prop_ibuf_I_O)         0.966     0.966 r  rx_key_code_IBUF[0]_inst/O
                         net (fo=1, routed)           1.219     2.185    rx_key_code_IBUF[0]
    SLICE_X0Y6           LUT4 (Prop_lut4_I0_O)        0.124     2.309 f  failed_attempts[1]_i_5/O
                         net (fo=1, routed)           0.914     3.223    failed_attempts[1]_i_5_n_0
    SLICE_X0Y13          LUT4 (Prop_lut4_I1_O)        0.124     3.347 f  failed_attempts[1]_i_2/O
                         net (fo=6, routed)           0.861     4.208    failed_attempts[1]_i_2_n_0
    SLICE_X0Y14          LUT4 (Prop_lut4_I3_O)        0.124     4.332 r  lock_doors_i_1/O
                         net (fo=1, routed)           0.000     4.332    lock_doors4_out
    SLICE_X0Y14          FDCE                                         r  lock_doors_reg/D
  -------------------------------------------------------------------    -------------------

Slack:                    inf
  Source:                 rx_key_code[0]
                            (input port)
  Destination:            open_trunk_reg/D
  Path Group:             (none)
  Path Type:              Max at Slow Process Corner
  Data Path Delay:        4.325ns  (logic 1.338ns (30.932%)  route 2.987ns (69.068%))
  Logic Levels:           4  (IBUF=1 LUT4=3)

    Location             Delay type                Incr(ns)  Path(ns)    Netlist Resource(s)
  -------------------------------------------------------------------    -------------------
    T13                                               0.000     0.000 r  rx_key_code[0]
                         net (fo=0)                   0.000     0.000    rx_key_code[0]
    T13                  IBUF (Prop_ibuf_I_O)         0.966     0.966 r  rx_key_code_IBUF[0]_inst/O
                         net (fo=1, routed)           1.219     2.185    rx_key_code_IBUF[0]
    SLICE_X0Y6           LUT4 (Prop_lut4_I0_O)        0.124     2.309 f  failed_attempts[1]_i_5/O
                         net (fo=1, routed)           0.914     3.223    failed_attempts[1]_i_5_n_0
    SLICE_X0Y13          LUT4 (Prop_lut4_I1_O)        0.124     3.347 f  failed_attempts[1]_i_2/O
                         net (fo=6, routed)           0.854     4.201    failed_attempts[1]_i_2_n_0
    SLICE_X0Y14          LUT4 (Prop_lut4_I3_O)        0.124     4.325 r  open_trunk_i_1/O
                         net (fo=1, routed)           0.000     4.325    open_trunk2_out
    SLICE_X0Y14          FDCE                                         r  open_trunk_reg/D
  -------------------------------------------------------------------    -------------------

Slack:                    inf
  Source:                 rx_key_code[0]
                            (input port)
  Destination:            failed_attempts_reg[1]/D
  Path Group:             (none)
  Path Type:              Max at Slow Process Corner
  Data Path Delay:        4.155ns  (logic 1.366ns (32.871%)  route 2.789ns (67.129%))
  Logic Levels:           4  (IBUF=1 LUT4=3)

    Location             Delay type                Incr(ns)  Path(ns)    Netlist Resource(s)
  -------------------------------------------------------------------    -------------------
    T13                                               0.000     0.000 f  rx_key_code[0]
                         net (fo=0)                   0.000     0.000    rx_key_code[0]
    T13                  IBUF (Prop_ibuf_I_O)         0.966     0.966 f  rx_key_code_IBUF[0]_inst/O
                         net (fo=1, routed)           1.219     2.185    rx_key_code_IBUF[0]
    SLICE_X0Y6           LUT4 (Prop_lut4_I0_O)        0.124     2.309 r  failed_attempts[1]_i_5/O
                         net (fo=1, routed)           0.914     3.223    failed_attempts[1]_i_5_n_0
    SLICE_X0Y13          LUT4 (Prop_lut4_I1_O)        0.124     3.347 r  failed_attempts[1]_i_2/O
                         net (fo=6, routed)           0.656     4.003    failed_attempts[1]_i_2_n_0
    SLICE_X0Y14          LUT4 (Prop_lut4_I0_O)        0.152     4.155 r  failed_attempts[1]_i_1/O
                         net (fo=1, routed)           0.000     4.155    failed_attempts[1]_i_1_n_0
    SLICE_X0Y14          FDCE                                         r  failed_attempts_reg[1]/D
  -------------------------------------------------------------------    -------------------

Slack:                    inf
  Source:                 rx_key_code[0]
                            (input port)
  Destination:            alarm_active_reg/D
  Path Group:             (none)
  Path Type:              Max at Slow Process Corner
  Data Path Delay:        4.135ns  (logic 1.338ns (32.354%)  route 2.797ns (67.646%))
  Logic Levels:           4  (IBUF=1 LUT4=2 LUT6=1)

    Location             Delay type                Incr(ns)  Path(ns)    Netlist Resource(s)
  -------------------------------------------------------------------    -------------------
    T13                                               0.000     0.000 f  rx_key_code[0]
                         net (fo=0)                   0.000     0.000    rx_key_code[0]
    T13                  IBUF (Prop_ibuf_I_O)         0.966     0.966 f  rx_key_code_IBUF[0]_inst/O
                         net (fo=1, routed)           1.219     2.185    rx_key_code_IBUF[0]
    SLICE_X0Y6           LUT4 (Prop_lut4_I0_O)        0.124     2.309 r  failed_attempts[1]_i_5/O
                         net (fo=1, routed)           0.914     3.223    failed_attempts[1]_i_5_n_0
    SLICE_X0Y13          LUT4 (Prop_lut4_I1_O)        0.124     3.347 r  failed_attempts[1]_i_2/O
                         net (fo=6, routed)           0.664     4.011    failed_attempts[1]_i_2_n_0
    SLICE_X0Y14          LUT6 (Prop_lut6_I1_O)        0.124     4.135 r  alarm_active_i_1/O
                         net (fo=1, routed)           0.000     4.135    alarm_active_i_1_n_0
    SLICE_X0Y14          FDCE                                         r  alarm_active_reg/D
  -------------------------------------------------------------------    -------------------

Slack:                    inf
  Source:                 rx_key_code[0]
                            (input port)
  Destination:            failed_attempts_reg[0]/D
  Path Group:             (none)
  Path Type:              Max at Slow Process Corner
  Data Path Delay:        4.127ns  (logic 1.338ns (32.416%)  route 2.789ns (67.584%))
  Logic Levels:           4  (IBUF=1 LUT3=1 LUT4=2)

    Location             Delay type                Incr(ns)  Path(ns)    Netlist Resource(s)
  -------------------------------------------------------------------    -------------------
    T13                                               0.000     0.000 f  rx_key_code[0]
                         net (fo=0)                   0.000     0.000    rx_key_code[0]
    T13                  IBUF (Prop_ibuf_I_O)         0.966     0.966 f  rx_key_code_IBUF[0]_inst/O
                         net (fo=1, routed)           1.219     2.185    rx_key_code_IBUF[0]
    SLICE_X0Y6           LUT4 (Prop_lut4_I0_O)        0.124     2.309 r  failed_attempts[1]_i_5/O
                         net (fo=1, routed)           0.914     3.223    failed_attempts[1]_i_5_n_0
    SLICE_X0Y13          LUT4 (Prop_lut4_I1_O)        0.124     3.347 r  failed_attempts[1]_i_2/O
                         net (fo=6, routed)           0.656     4.003    failed_attempts[1]_i_2_n_0
    SLICE_X0Y14          LUT3 (Prop_lut3_I0_O)        0.124     4.127 r  failed_attempts[0]_i_1/O
                         net (fo=1, routed)           0.000     4.127    failed_attempts[0]_i_1_n_0
    SLICE_X0Y14          FDCE                                         r  failed_attempts_reg[0]/D
  -------------------------------------------------------------------    -------------------





Min Delay Paths
--------------------------------------------------------------------------------------
Slack:                    inf
  Source:                 trigger_counter_reg[0]/C
                            (rising edge-triggered cell FDCE)
  Destination:            trigger_counter_reg[2]/D
  Path Group:             (none)
  Path Type:              Min at Fast Process Corner
  Data Path Delay:        0.357ns  (logic 0.184ns (51.572%)  route 0.173ns (48.428%))
  Logic Levels:           2  (FDCE=1 LUT5=1)

    Location             Delay type                Incr(ns)  Path(ns)    Netlist Resource(s)
  -------------------------------------------------------------------    -------------------
    SLICE_X0Y13          FDCE                         0.000     0.000 r  trigger_counter_reg[0]/C
    SLICE_X0Y13          FDCE (Prop_fdce_C_Q)         0.141     0.141 r  trigger_counter_reg[0]/Q
                         net (fo=4, routed)           0.173     0.314    trigger_counter_reg_n_0_[0]
    SLICE_X0Y13          LUT5 (Prop_lut5_I3_O)        0.043     0.357 r  trigger_counter[2]_i_1/O
                         net (fo=1, routed)           0.000     0.357    trigger_counter[2]_i_1_n_0
    SLICE_X0Y13          FDCE                                         r  trigger_counter_reg[2]/D
  -------------------------------------------------------------------    -------------------

Slack:                    inf
  Source:                 trigger_counter_reg[0]/C
                            (rising edge-triggered cell FDCE)
  Destination:            trigger_counter_reg[1]/D
  Path Group:             (none)
  Path Type:              Min at Fast Process Corner
  Data Path Delay:        0.359ns  (logic 0.186ns (51.842%)  route 0.173ns (48.158%))
  Logic Levels:           2  (FDCE=1 LUT5=1)

    Location             Delay type                Incr(ns)  Path(ns)    Netlist Resource(s)
  -------------------------------------------------------------------    -------------------
    SLICE_X0Y13          FDCE                         0.000     0.000 r  trigger_counter_reg[0]/C
    SLICE_X0Y13          FDCE (Prop_fdce_C_Q)         0.141     0.141 r  trigger_counter_reg[0]/Q
                         net (fo=4, routed)           0.173     0.314    trigger_counter_reg_n_0_[0]
    SLICE_X0Y13          LUT5 (Prop_lut5_I3_O)        0.045     0.359 r  trigger_counter[1]_i_1/O
                         net (fo=1, routed)           0.000     0.359    trigger_counter[1]_i_1_n_0
    SLICE_X0Y13          FDCE                                         r  trigger_counter_reg[1]/D
  -------------------------------------------------------------------    -------------------

Slack:                    inf
  Source:                 trigger_counter_reg[0]/C
                            (rising edge-triggered cell FDCE)
  Destination:            trigger_counter_reg[0]/D
  Path Group:             (none)
  Path Type:              Min at Fast Process Corner
  Data Path Delay:        0.370ns  (logic 0.186ns (50.311%)  route 0.184ns (49.689%))
  Logic Levels:           2  (FDCE=1 LUT5=1)

    Location             Delay type                Incr(ns)  Path(ns)    Netlist Resource(s)
  -------------------------------------------------------------------    -------------------
    SLICE_X0Y13          FDCE                         0.000     0.000 r  trigger_counter_reg[0]/C
    SLICE_X0Y13          FDCE (Prop_fdce_C_Q)         0.141     0.141 r  trigger_counter_reg[0]/Q
                         net (fo=4, routed)           0.184     0.325    trigger_counter_reg_n_0_[0]
    SLICE_X0Y13          LUT5 (Prop_lut5_I3_O)        0.045     0.370 r  trigger_counter[0]_i_1/O
                         net (fo=1, routed)           0.000     0.370    trigger_counter[0]_i_1_n_0
    SLICE_X0Y13          FDCE                                         r  trigger_counter_reg[0]/D
  -------------------------------------------------------------------    -------------------

Slack:                    inf
  Source:                 failed_attempts_reg[0]/C
                            (rising edge-triggered cell FDCE)
  Destination:            alarm_active_reg/D
  Path Group:             (none)
  Path Type:              Min at Fast Process Corner
  Data Path Delay:        0.418ns  (logic 0.186ns (44.494%)  route 0.232ns (55.506%))
  Logic Levels:           2  (FDCE=1 LUT6=1)

    Location             Delay type                Incr(ns)  Path(ns)    Netlist Resource(s)
  -------------------------------------------------------------------    -------------------
    SLICE_X0Y14          FDCE                         0.000     0.000 r  failed_attempts_reg[0]/C
    SLICE_X0Y14          FDCE (Prop_fdce_C_Q)         0.141     0.141 r  failed_attempts_reg[0]/Q
                         net (fo=3, routed)           0.232     0.373    failed_attempts_reg_n_0_[0]
    SLICE_X0Y14          LUT6 (Prop_lut6_I4_O)        0.045     0.418 r  alarm_active_i_1/O
                         net (fo=1, routed)           0.000     0.418    alarm_active_i_1_n_0
    SLICE_X0Y14          FDCE                                         r  alarm_active_reg/D
  -------------------------------------------------------------------    -------------------

Slack:                    inf
  Source:                 failed_attempts_reg[0]/C
                            (rising edge-triggered cell FDCE)
  Destination:            failed_attempts_reg[1]/D
  Path Group:             (none)
  Path Type:              Min at Fast Process Corner
  Data Path Delay:        0.420ns  (logic 0.184ns (43.838%)  route 0.236ns (56.162%))
  Logic Levels:           2  (FDCE=1 LUT4=1)

    Location             Delay type                Incr(ns)  Path(ns)    Netlist Resource(s)
  -------------------------------------------------------------------    -------------------
    SLICE_X0Y14          FDCE                         0.000     0.000 r  failed_attempts_reg[0]/C
    SLICE_X0Y14          FDCE (Prop_fdce_C_Q)         0.141     0.141 r  failed_attempts_reg[0]/Q
                         net (fo=3, routed)           0.236     0.377    failed_attempts_reg_n_0_[0]
    SLICE_X0Y14          LUT4 (Prop_lut4_I1_O)        0.043     0.420 r  failed_attempts[1]_i_1/O
                         net (fo=1, routed)           0.000     0.420    failed_attempts[1]_i_1_n_0
    SLICE_X0Y14          FDCE                                         r  failed_attempts_reg[1]/D
  -------------------------------------------------------------------    -------------------

Slack:                    inf
  Source:                 failed_attempts_reg[0]/C
                            (rising edge-triggered cell FDCE)
  Destination:            failed_attempts_reg[0]/D
  Path Group:             (none)
  Path Type:              Min at Fast Process Corner
  Data Path Delay:        0.422ns  (logic 0.186ns (44.105%)  route 0.236ns (55.895%))
  Logic Levels:           2  (FDCE=1 LUT3=1)

    Location             Delay type                Incr(ns)  Path(ns)    Netlist Resource(s)
  -------------------------------------------------------------------    -------------------
    SLICE_X0Y14          FDCE                         0.000     0.000 r  failed_attempts_reg[0]/C
    SLICE_X0Y14          FDCE (Prop_fdce_C_Q)         0.141     0.141 r  failed_attempts_reg[0]/Q
                         net (fo=3, routed)           0.236     0.377    failed_attempts_reg_n_0_[0]
    SLICE_X0Y14          LUT3 (Prop_lut3_I2_O)        0.045     0.422 r  failed_attempts[0]_i_1/O
                         net (fo=1, routed)           0.000     0.422    failed_attempts[0]_i_1_n_0
    SLICE_X0Y14          FDCE                                         r  failed_attempts_reg[0]/D
  -------------------------------------------------------------------    -------------------

Slack:                    inf
  Source:                 rx_command[1]
                            (input port)
  Destination:            open_trunk_reg/D
  Path Group:             (none)
  Path Type:              Min at Fast Process Corner
  Data Path Delay:        0.674ns  (logic 0.240ns (35.638%)  route 0.434ns (64.362%))
  Logic Levels:           2  (IBUF=1 LUT4=1)

    Location             Delay type                Incr(ns)  Path(ns)    Netlist Resource(s)
  -------------------------------------------------------------------    -------------------
    T15                                               0.000     0.000 r  rx_command[1]
                         net (fo=0)                   0.000     0.000    rx_command[1]
    T15                  IBUF (Prop_ibuf_I_O)         0.195     0.195 r  rx_command_IBUF[1]_inst/O
                         net (fo=3, routed)           0.434     0.629    rx_command_IBUF[1]
    SLICE_X0Y14          LUT4 (Prop_lut4_I2_O)        0.045     0.674 r  open_trunk_i_1/O
                         net (fo=1, routed)           0.000     0.674    open_trunk2_out
    SLICE_X0Y14          FDCE                                         r  open_trunk_reg/D
  -------------------------------------------------------------------    -------------------

Slack:                    inf
  Source:                 reset
                            (input port)
  Destination:            alarm_active_reg/CLR
  Path Group:             (none)
  Path Type:              Min at Fast Process Corner
  Data Path Delay:        0.701ns  (logic 0.196ns (27.955%)  route 0.505ns (72.045%))
  Logic Levels:           1  (IBUF=1)

    Location             Delay type                Incr(ns)  Path(ns)    Netlist Resource(s)
  -------------------------------------------------------------------    -------------------
    T14                                               0.000     0.000 f  reset
                         net (fo=0)                   0.000     0.000    reset
    T14                  IBUF (Prop_ibuf_I_O)         0.196     0.196 f  reset_IBUF_inst/O
                         net (fo=9, routed)           0.505     0.701    reset_IBUF
    SLICE_X0Y14          FDCE                                         f  alarm_active_reg/CLR
  -------------------------------------------------------------------    -------------------

Slack:                    inf
  Source:                 reset
                            (input port)
  Destination:            failed_attempts_reg[0]/CLR
  Path Group:             (none)
  Path Type:              Min at Fast Process Corner
  Data Path Delay:        0.701ns  (logic 0.196ns (27.955%)  route 0.505ns (72.045%))
  Logic Levels:           1  (IBUF=1)

    Location             Delay type                Incr(ns)  Path(ns)    Netlist Resource(s)
  -------------------------------------------------------------------    -------------------
    T14                                               0.000     0.000 f  reset
                         net (fo=0)                   0.000     0.000    reset
    T14                  IBUF (Prop_ibuf_I_O)         0.196     0.196 f  reset_IBUF_inst/O
                         net (fo=9, routed)           0.505     0.701    reset_IBUF
    SLICE_X0Y14          FDCE                                         f  failed_attempts_reg[0]/CLR
  -------------------------------------------------------------------    -------------------

Slack:                    inf
  Source:                 reset
                            (input port)
  Destination:            failed_attempts_reg[1]/CLR
  Path Group:             (none)
  Path Type:              Min at Fast Process Corner
  Data Path Delay:        0.701ns  (logic 0.196ns (27.955%)  route 0.505ns (72.045%))
  Logic Levels:           1  (IBUF=1)

    Location             Delay type                Incr(ns)  Path(ns)    Netlist Resource(s)
  -------------------------------------------------------------------    -------------------
    T14                                               0.000     0.000 f  reset
                         net (fo=0)                   0.000     0.000    reset
    T14                  IBUF (Prop_ibuf_I_O)         0.196     0.196 f  reset_IBUF_inst/O
                         net (fo=9, routed)           0.505     0.701    reset_IBUF
    SLICE_X0Y14          FDCE                                         f  failed_attempts_reg[1]/CLR
  -------------------------------------------------------------------    -------------------





